env: load .env
env: export DB_HOST DB_DATABASE DB_USERNAME DB_PASSWORD
Starting project at C:\xampp\htdocs\apec-roberto
Starting Metro Bundler
TypeScript: The tsconfig.json#include property has been updated
The following packages should be updated for best compatibility with the installed expo version:
  expo@54.0.33 - expected version: ~54.0.35
  expo-file-system@19.0.21 - expected version: ~19.0.23
  expo-image-picker@17.0.10 - expected version: ~17.0.11
  expo-linking@8.0.11 - expected version: ~8.0.12
  expo-router@6.0.23 - expected version: ~6.0.24
  react-native-webview@13.16.1 - expected version: 13.15.0
Your project may not work correctly until you install the expected versions of the packages.
Waiting on http://localhost:8082
Logs for your project will appear below.
Web node_modules\expo-router\entry.js ▓▓▓▓▓▓░░░░░░░░░░ 38.3% (113/302)
Web node_modules\expo-router\entry.js ▓▓▓▓▓▓▓▓▓▓▓▓▓▓▓░ 99.9% (778/778)
Web Bundled 6341ms node_modules\expo-router\entry.js (778 modules)
 LOG  [web] Logs will appear in the browser console
Web node_modules\expo-router\entry.js ░░░░░░░░░░░░░░░░  0.0% (0/1)
Web Bundled 34ms node_modules\expo-router\entry.js (1 module)
 LOG  [web] Logs will appear in the browser console
